// Jest Snapshot v1, https://goo.gl/fbAQLP

exports[`Game should render 1`] = `
<View
  style={
    Array [
      Object {
        "backgroundColor": "#B3EFFF",
      },
      Object {
        "flex": 1,
        "justifyContent": "center",
      },
    ]
  }
>
  <Text
    style={
      Array [
        Object {
          "color": "#000",
        },
        undefined,
      ]
    }
  >
    In Progress!
  </Text>
  <View
    accessibilityLabel="Click to return to the Menu"
    accessibilityRole="button"
    accessibilityStates={Array []}
    accessible={true}
    focusable={true}
    isTVSelectable={true}
    onClick={[Function]}
    onResponderGrant={[Function]}
    onResponderMove={[Function]}
    onResponderRelease={[Function]}
    onResponderTerminate={[Function]}
    onResponderTerminationRequest={[Function]}
    onStartShouldSetResponder={[Function]}
    style={
      Object {
        "opacity": 1,
      }
    }
  >
    <View
      style={
        Array [
          Object {},
        ]
      }
    >
      <Text
        style={
          Array [
            Object {
              "color": "#007AFF",
              "fontSize": 18,
              "padding": 8,
              "textAlign": "center",
            },
            Object {
              "color": "#046B99",
            },
          ]
        }
      >
        Menu
      </Text>
    </View>
  </View>
</View>
`;
