// Jest Snapshot v1, https://goo.gl/fbAQLP

exports[`withSchemedNav should wrap a nav stack with scheming params 1`] = `
Object {
  "headerStyle": Object {
    "backgroundColor": "#00CFFF",
  },
  "headerTintColor": "#000",
  "headerTitleStyle": Object {
    "fontWeight": "bold",
  },
}
`;

exports[`withSchemedNav should wrap a nav stack with scheming params 2`] = `
<RNCAppearanceProvider
  style={
    Object {
      "flex": 1,
    }
  }
>
  <View />
</RNCAppearanceProvider>
`;
